
> gestion-genomica@0.0.0 test
> vitest src/components/ResearcherForm.test.jsx --run


[7m[1m[36m RUN [39m[22m[27m [36mv1.6.1[39m [90mE:/gestion-genomica[39m

[90mstdout[2m | src/components/ResearcherForm.test.jsx[2m > [22m[2mResearcherForm[2m > [22m[2mrenders correctly[22m[39m
DEBUG: FILE LOADED
DEBUG: FILE LOADED

[90mstdout[2m | src/components/ResearcherForm.test.jsx[2m > [22m[2mResearcherForm[2m > [22m[2msubmits form data with auto-added associate[22m[39m
DEBUG: FILE LOADED
DEBUG: FILE LOADED
DEBUG: FILE LOADED
DEBUG: FILE LOADED
DEBUG: FILE LOADED
DEBUG: FILE LOADED
DEBUG: FILE LOADED
DEBUG: FILE LOADED
DEBUG: FILE LOADED
DEBUG: FILE LOADED
DEBUG: FILE LOADED
DEBUG: FILE LOADED

[90mstdout[2m | src/components/ResearcherForm.test.jsx[2m > [22m[2mResearcherForm[2m > [22m[2msubmits form data with auto-added associate[22m[39m
SUBMITTED DATA: {
  "fullName": "John Doe",
  "institution": "",
  "department": "",
  "faculty": "",
  "city": "",
  "center": "UCM",
  "idNumber": "12345678A",
  "email": "john@example.com",
  "phone": "123456789",
  "fax": "",
  "fiscalAddress": "Street 1",
  "invoiceAddress": "Street 2",
  "tariff": "A",
  "accountingOffice": "",
  "managementBody": "",
  "processingUnit": "",
  "proposingBody": "",
  "associates": [
    {
      "name": "John Doe",
      "email": "john@example.com",
      "isPrincipal": true
    }
  ]
}

 [33mÔØ»[39m src/components/ResearcherForm.test.jsx [2m ([22m[2m2 tests[22m [2m|[22m [31m1 failed[39m[2m)[22m[90m 177[2mms[22m[39m
[31m   [33mÔØ»[31m src/components/ResearcherForm.test.jsx[2m > [22mResearcherForm[2m > [22msubmits form data with auto-added associate[39m
[31m     ÔåÆ expected "spy" to be called with arguments: [ ObjectContaining{ÔÇª} ]

Received: 

  1st spy call:

  Array [
-   ObjectContaining {
-     "associates": ArrayContaining [
-       ObjectContaining {
+   Object {
+     "accountingOffice": "",
+     "associates": Array [
+       Object {
          "email": "john@example.com",
          "isPrincipal": true,
          "name": "John Doe",
        },
      ],
+     "center": "UCM",
+     "city": "",
+     "department": "",
      "email": "john@example.com",
+     "faculty": "",
+     "fax": "",
+     "fiscalAddress": "Street 1",
      "fullName": "John Doe",
-     "institution": "UCM",
+     "idNumber": "12345678A",
+     "institution": "",
+     "invoiceAddress": "Street 2",
+     "managementBody": "",
+     "phone": "123456789",
+     "processingUnit": "",
+     "proposingBody": "",
      "tariff": "A",
    },
  ]


Number of calls: 1
[39m

[2m Test Files [22m [1m[31m1 failed[39m[22m[90m (1)[39m
[2m      Tests [22m [1m[31m1 failed[39m[22m[2m | [22m[1m[32m1 passed[39m[22m[90m (2)[39m
[2m   Start at [22m 13:37:11
[2m   Duration [22m 2.17s[2m (transform 329ms, setup 106ms, collect 700ms, tests 177ms, environment 640ms, prepare 184ms)[22m

